// Jest Snapshot v1, https://goo.gl/fbAQLP

exports[`HorizontalSplitter should render correctly 1`] = `
<div>
  <div
    class="container"
  />
</div>
`;
